// Jest Snapshot v1, https://goo.gl/fbAQLP

exports[`commitlint-config config matches default config snapshot 1`] = `
Object {
  "extends": Array [
    "@commitlint/config-conventional",
  ],
}
`;
