// Jest Snapshot v1, https://goo.gl/fbAQLP

exports[`lint-staged config matches default config snapshot 1`] = `
Object {
  "*.js": Array [
    "eslint --fix",
    "git add",
  ],
}
`;
