// Jest Snapshot v1, https://goo.gl/fbAQLP

exports[`prettier config matches default config snapshot 1`] = `
Object {
  "arrowParens": "always",
  "printWidth": 100,
  "singleQuote": true,
  "trailingComma": "all",
}
`;
